[ "document"
  [ "p"
    , "This is a first paragraph"
    , [ "br" ]
    , "on multiple lines."
  ]
, [ "p"
    , "This is a second paragraph"
    , [ "br" ]
    , "There are spaces in between the two."
  ]
]